// Jest Snapshot v1, https://goo.gl/fbAQLP

exports[`Card should render Card 1`] = `
<Card
  img="https://via.placeholder.com/100"
  title="Title goes here"
>
  <div
    className="card"
  >
    <div
      className="card__title"
    >
      <img
        className="card__img"
        src="https://via.placeholder.com/100"
      />
      <div
        className="card__text"
      >
        Title goes here
      </div>
    </div>
    test
  </div>
</Card>
`;
