// Jest Snapshot v1, https://goo.gl/fbAQLP

exports[`Button should render primary button 1`] = `
<button
  className="btn btn--primary"
  type="button"
>
  Click me
</button>
`;
