// Jest Snapshot v1, https://goo.gl/fbAQLP

exports[`Switch should render basic Switch 1`] = `
<SwitchComponent
  defaultOn={false}
  innerRef={null}
  name="switch"
  onChange={[MockFunction]}
  size="basic"
/>
`;
