// Jest Snapshot v1, https://goo.gl/fbAQLP

exports[`Tab should render selected tab 1`] = `
<Tab
  description="1"
  href={null}
  isSelected={true}
>
  <Component
    className="tab tab--selected"
    href={null}
  >
    <button
      className="tab tab--selected"
      href={null}
    >
      Agents
      <span
        className="tab__description"
      >
        (
        1
        )
      </span>
    </button>
  </Component>
</Tab>
`;
