// Jest Snapshot v1, https://goo.gl/fbAQLP

exports[`Toast should render success toast 1`] = `
<Toast
  variant="success"
>
  <div
    className="toast toast--success"
  >
    <div
      className="toast__icon"
    >
      <ToastIcon
        variant="success"
      >
        <CheckCircleIcon>
          <svg
            className="material material-check-circle-icon undefined"
            height="24"
            viewBox="0 0 24 24"
            width="24"
            xmlns="http://www.w3.org/2000/svg"
          >
            <path
              d="M12 2c5.52 0 10 4.48 10 10s-4.48 10-10 10S2 17.52 2 12 6.48 2 12 2m-1 14.5l7-7-1.41-1.41L11 13.67l-3.09-3.08L6.5 12l4.5 4.5z"
            />
          </svg>
        </CheckCircleIcon>
      </ToastIcon>
    </div>
    <div
      className="toast__content"
    >
      Toast content
    </div>
  </div>
</Toast>
`;
